The relevant skills are for upserting rulebooks/samples, not for the reporter stage. Proceeding with the reporter task using only the supplied plan and executor evidence.
All three runner-sourced validations (`test-integration`, `validate-schema`, `test-unit`) returned status `passed`, and the executor validations (prettier, markdownlint, catalog validate) also passed. The executor modified exactly one file, `cdfd-orchestrator.md`, consistent with a conservative refine. Returning `outcome=complete` for the edit-mode result schema.
{
  "schema_version": 1,
  "mode": "edit",
  "outcome": "complete",
  "summary": [
    "`cfd-orchestrator.md` を保守的に磨き込み、整合性を確認した。担当欄を先行 CDFD の支援表現形式へ統一し、責任分担参照を追加。対話型運転と自動運転が同じ要求発行プロセス(`P-14-01`)へ入る点を §3.1・§5.1 で明示し、mermaid 図の孤立ノードを解消した。",
    "プロセス ID・名称・データストア・例外・委譲について全文書間で一致を確認。`depends_on` の Plan/Do/Check/Action と cdfd-overview のグループ単位記述との矛盾は見られず、不足・不整合の最小限修正にとどめた。",
    "parent runner が固定許可リストで実行した `test-integration` / `validate-schema` / `test-unit` はいずれも status=passed。executor 側の `prettier` / `markdownlint` / `catalog validate` も passed。完成度・整合性の観点で計画の `done_criteria` を満たしたと判断した。"
  ],
  "changed_files": [
    {
      "path": "docs/ja/product/010-business-specs/010-data-flow/cdfd-orchestrator.md",
      "summary": "担当欄の表現統一、責任分担参照の追加、対話型/自動運転が `P-14-01` で説明できることの明示、mermaid 図の孤立ノード解消。11 行追加・9 行削除の保守的加筆。"
    }
  ],
  "handoff": [
    "result 文件（`T-DATA-FLOW-PDCA-cdfd-orchestrator-070-result.md`）は executor が意図的に未記入として残しており、今回の JSON で記録する。",
    "後続の review task では、[ARC] 稼働構成・成果物カタログ・スケジュール戦略・定期実行定義・実行計画・実行記録への読み書きと Plan/Do/Check/Action への要求がグループ外委譲として識別できること、[QE] 実行ロック競合・定期実行取りこぼし・要求先の失敗などサイクル継続を変える主要例外の検出条件と再開条件が判定できること、を観点入力として検証する。",
    "`catalog validate` で表示された他成果物の `based_on` 未解決 WARN は本編集と無関係・既存のものであり、本タスクの成果物 `cdfd-orchestrator.md` とは独立。後続で必要に応じて別論点として扱う。"
  ],
  "approach": [
    "参照範囲は plan に列挙された `cfd-rulebook.md` / `cfd-mermaid-rulebook.md` / `cfd-recipe.md`、`depends_on` の Plan/Do/Check/Action・overview、プロジェクトコンテキスト `prj-overview.md` に限定し、plan 未記載の文書は参照しなかった。",
    "既存記述を尊重し、全面的な書き換えは行わず、不足・不整合の最小限修正（担当欄統一、責任分担参照追加、孤立ノード解消）にとどめた。`done_criteria` への寄与を見込んで §3.1・§5.1 で対話型/自動運転の同一プロセス説明を明示した。",
    "根拠のない具体化を行わず、裏付けが取れない箇所は既存記述を残したまま _TODO_ / _ASSUMPTION_ にすることはなかった（判断に迷う箇所なし）。削除・統合した記述もなし。",
    "runner が実行した parent 検証（`test-integration` / `validate-schema` / `test-unit`）はすべて passed のため、executor 内に二重実行せず委ねた前提に沿って記録を確認。"
  ],
  "block_reason": ""
}
