9 件すべての経路と修正版を調べ終えました。依存を 2 つ変えれば全件解消する見込みで、上流の対応待ちで残るものはありません。ただし `package.json` と lockfile は変更できないため、実際の解消は orchestrator の反映待ちで、audit 0 件もまだ確認していません。

**結論**
- **`markdownlint-cli` 経由の 4 件**（本体、`js-yaml`、`smol-toml`、`markdown-it`）は 0.49.1 に上げると解消します。0.49.1 は `js-yaml` `~5.2.1`、`smol-toml` `~1.7.0`、`markdown-it` `~14.3.0` に依存しています。
- **0.49.1 への更新でコードや設定の変更は要りません。** docs-lint は CLI を起動するだけで API を使っておらず、`.markdownlint.yaml` の書式にも破壊的変更はありません。Node 20 の対応終了も、docs-lint が `node >=22.13` のため影響しません。
- **`remark-lint-frontmatter-schema` 経由の 5 件**（本体、`@apidevtools/json-schema-ref-parser`、`minimatch`、`ajv`、`yaml`）は、上流の更新では直りません。最新の 3.15.4 は 2023-10 以降リリースがなく、依存を脆弱な版に固定しています。
- ただしこのパッケージは使われていません。frontmatter の検証は自前の `remark-frontmatter-ajv2020.cjs` が行っており、`.remarkrc.yaml` にもソースにも参照がありません。依存から削除すれば 5 件とも消えます。
- 残るものがないため、`CHANGELOG.md` の「既知の問題」には追記していません。

**変更したファイル**
- `docs/ja/projects/prj-0001/controls/project-register/pjr-7gak-docs-lint-dependency-vulnerabilities.md` だけです。作業内容の No 1・2 を done にし、対応結果に 9 件の表、0.49 の変更点、削除の根拠、申し送りを記録しました。frontmatter の状態項目は変えていません。

**orchestrator への申し送り**
1. `packages/docs-lint/package.json` とルートの `package.json` の両方で、`markdownlint-cli` を `^0.49.1` に上げ、`remark-lint-frontmatter-schema` を削除する。
2. 両方の lockfile を更新し、`smol-toml` が 1.7.1 以上、`yaml` が 2.8.3 以上に解決されていることを確認する。`~1.7.0` は脆弱な 1.7.0 も許すため、この確認が必要です。
3. `npm audit --omit=dev --package-lock-only` が 0 件になることを確認する。
4. `npm run lint:md` と `npm run lint:fm` を実行する。markdownlint 0.41 で MD022 などの判定が変わったため、既存文書に新しい指摘が出る可能性があります。
5. 反映後も脆弱性が残った場合は、`CHANGELOG.md` の v0.3.0 の「既知の問題」へ追記する。

**検証**
個票に対して prettier と markdownlint を実行しました。最初は URL の書き方で 1 件エラーが出たので `<URL>` 形式に直し、再実行で通っています。`validate:history-links`、`catalog validate`、`index build`、remark もすべて成功しました。親 runner が実行する 4 つの検証は実行していません。

<specdojo_executor_evidence>
{"final_message":"docs-lint の 9 件の経路と修正版を調べ、個票に記録した。markdownlint-cli を ^0.49.1 に上げると 4 件、未使用の remark-lint-frontmatter-schema を削除すると 5 件が解消する見込み。コード・設定・CHANGELOG の変更は不要。package.json（docs-lint とルート）と lockfile の変更は申し送りとして記録し、audit 0 件の確認は orchestrator の反映待ち。変更したのは個票 pjr-7gak-docs-lint-dependency-vulnerabilities.md のみ。","validations":[{"command":"npm audit --omit=dev --package-lock-only --json --prefix packages/docs-lint","status":"passed","summary":"調査目的で実行した（終了コード 1 は検出による想定どおりの結果）。high 6 件、moderate 3 件、計 9 件の内訳と経路を確認"},{"command":"npx prettier --write docs/ja/projects/prj-0001/controls/project-register/pjr-7gak-docs-lint-dependency-vulnerabilities.md","status":"passed","summary":"整形済み"},{"command":"npx markdownlint docs/ja/projects/prj-0001/controls/project-register/pjr-7gak-docs-lint-dependency-vulnerabilities.md","status":"passed","summary":"初回は MD034 が 1 件出たため autolink 形式に修正し、再実行でエラーなし"},{"command":"npx remark --frail --quiet --no-stdout docs/ja/projects/prj-0001/controls/project-register/pjr-7gak-docs-lint-dependency-vulnerabilities.md","status":"passed","summary":"frontmatter の schema 検証を含めて指摘なし"},{"command":"npm run -s validate:history-links","status":"passed","summary":"終了コード 0"},{"command":"npx tsx src/specdojo.ts catalog validate","status":"passed","summary":"終了コード 0（既存の WARN のみ）"},{"command":"npx tsx src/specdojo.ts index build","status":"passed","summary":"終了コード 0、差分なし"}]}
</specdojo_executor_evidence>