<specdojo_executor_evidence>
{"final_message":"Resolved contradictions in test execution descriptions in xep-common-conventions-template.md by clarifying the scope of 'run once' rule and adding conditional execution for pipeline executor's unit tests depending on parent validation settings. Verified with prettier and markdownlint.","validations":[{"command":"npx prettier --write docs/ja/specdojo/templates/xep-common-conventions-template.md","status":"passed","summary":"Formatted successfully"},{"command":"npx markdownlint docs/ja/specdojo/templates/xep-common-conventions-template.md","status":"passed","summary":"No linting errors"}]}
</specdojo_executor_evidence>

[0m
> gemma-expert-executor · gemma4:31b-mlx-work-64k
[0m
[0m✗ [0mRead docs/ja/projects/prj-0001/controls/project-register/pjr-index.md failed
[91m[1mError: [0mFile not found: /workspaces/specdojo-workspace/worktrees/prj-0001-trial-PJR-0FCT-2026-08-26T12_25_51.047Z-3e9a0dd3-gemma-expert-executor-gemma-reporter/docs/ja/projects/prj-0001/controls/project-register/pjr-index.md

Did you mean one of these?
/workspaces/specdojo-workspace/worktrees/prj-0001-trial-PJR-0FCT-2026-08-26T12_25_51.047Z-3e9a0dd3-gemma-expert-executor-gemma-reporter/docs/ja/projects/prj-0001/controls/project-register/pjr-0007-pjr-index.md
/workspaces/specdojo-workspace/worktrees/prj-0001-trial-PJR-0FCT-2026-08-26T12_25_51.047Z-3e9a0dd3-gemma-expert-executor-gemma-reporter/docs/ja/projects/prj-0001/controls/project-register/pjr-0036-pjr-index.md
/workspaces/specdojo-workspace/worktrees/prj-0001-trial-PJR-0FCT-2026-08-26T12_25_51.047Z-3e9a0dd3-gemma-expert-executor-gemma-reporter/docs/ja/projects/prj-0001/controls/project-register/pjr-0xxz-pjr-index.md
[0m→ [0mRead docs/ja/projects/prj-0001/controls/project-register/pjr-0fct-test-unit-rerun-after-fix.md
[0m→ [0mRead docs/ja/specdojo/templates/xep-common-conventions-template.md
[0m
[0m← [0mEdit docs/ja/specdojo/templates/xep-common-conventions-template.md
Index: /workspaces/specdojo-workspace/worktrees/prj-0001-trial-PJR-0FCT-2026-08-26T12_25_51.047Z-3e9a0dd3-gemma-expert-executor-gemma-reporter/docs/ja/specdojo/templates/xep-common-conventions-template.md
===================================================================
--- /workspaces/specdojo-workspace/worktrees/prj-0001-trial-PJR-0FCT-2026-08-26T12_25_51.047Z-3e9a0dd3-gemma-expert-executor-gemma-reporter/docs/ja/specdojo/templates/xep-common-conventions-template.md
+++ /workspaces/specdojo-workspace/worktrees/prj-0001-trial-PJR-0FCT-2026-08-26T12_25_51.047Z-3e9a0dd3-gemma-expert-executor-gemma-reporter/docs/ja/specdojo/templates/xep-common-conventions-template.md
@@ -14,9 +14,9 @@
 - plan に「プロジェクトコンテキスト」章がある場合、そこに挙がる文書はプロジェクト共通の前提を読むための参照であり、成果物 frontmatter の `based_on` へ転記しない。参照して得た前提は本文の記述内容へ反映する。
 - 成果物 frontmatter の `based_on` に書けるのは、その成果物の `depends_on` の推移閉包に含まれる先行成果物だけである。閉包外の ID を書くと `catalog validate` が「`based_on` が `depends_on` の推移閉包に含まれていません」としてエラーになり、コミットがブロックされる。`based_on` を増やす必要が生じた場合は、自分で転記せず、根拠不足として result に記録する。
 - ファイルの読み取り・書き込み・編集は、作業ディレクトリ（カレントディレクトリ）からの相対パスで指定する。絶対パスを自分で組み立てたり、作業ディレクトリ名を推測して指定したりしない（作業ディレクトリ名の取り違えは外部パス扱いになり拒否される）。
 - 編集・書き込みが作業ディレクトリ外（`external_directory`）として拒否された場合、原因はパス指定の誤り（誤った絶対パス・ディレクトリ名の取り違え）である。bash の heredoc などへ回避的に切り替えず、相対パスに直したうえで同じ編集ツールで再実行する。
-- 整形・静的検査は、この plan の完了手順または本共通規約で明示されたコマンドを実行する。変更対象に必要な test、build、schema 検証は、plan に個別記載がなくても実行してよい。同じ test script では対象限定と全件を同一 executor run 内で連続実行せず、どちらか一方に絞る。下表、plan、またはプロジェクト標準が全件 test を求める場合は、全件を1回だけ実行して対象限定の実行を省く。実行したコマンド・対象・結果は result に記録する。
+- 整形・静的検査は、この plan の完了手順または本共通規約で明示されたコマンドを実行する。変更対象に必要な test、build、schema 検証は、plan に個別記載がなくても実行してよい。同じ test script では対象限定と全件を同一 executor run 内で連続実行せず、どちらか一方に絞る。親検証に含まれない test script のうち、下表、plan、またはプロジェクト標準が全件 test を求める場合は、全件を1回だけ実行して対象限定の実行を省く。実行したコマンド・対象・結果は result に記録する。
 - executor / reporter pipeline で親 runner の検証が設定されている場合、executor は設定済み ID に対応するコマンドを sandbox 内で実行せず、executor 終了後に親 runner が固定許可リストから実行して evidence へ追記する。`validate-schema` は `npm run validate:schema`、`test-unit` は `npm run test:unit`、`test-integration` は `npm run test:integration` に対応する。executor は親検証と同じコマンドの対象限定版も追加せず、二重実行しない。
 - Markdown 成果物を編集した後は、`npx prettier --write <対象ファイル>` で整形し、`npx markdownlint <対象ファイル>` で静的検査を実施する。検査でエラーが出た場合は修正してから完了とする。
 - YAML 成果物を編集した後は、対応 schema `_SCHEMA_REF_` に従って記述し、`npm run validate:schema:file -- --schema _SCHEMA_REF_ --data <対象ファイル>` で schema 検査を実施する。検査でエラーが出た場合は修正してから完了とする。
 - 終了する前に、コミット時に実行される検査（pre-commit 相当）を先回りで実行し、失敗をすべて修正してから完了する。コミット時に初めて失敗が判明すると commit がブロックされ、成果物の内容が完成していてもタスクは block になる。

[0m
[0m✗ [0mEdit docs/ja/specdojo/templates/xep-common-conventions-template.md failed
[91m[1mError: [0mCould not find oldString in the file. It must match exactly, including whitespace, indentation, and line endings.
[0m→ [0mRead docs/ja/specdojo/templates/xep-common-conventions-template.md
[0m
[0m← [0mEdit docs/ja/specdojo/templates/xep-common-conventions-template.md
Index: /workspaces/specdojo-workspace/worktrees/prj-0001-trial-PJR-0FCT-2026-08-26T12_25_51.047Z-3e9a0dd3-gemma-expert-executor-gemma-reporter/docs/ja/specdojo/templates/xep-common-conventions-template.md
===================================================================
--- /workspaces/specdojo-workspace/worktrees/prj-0001-trial-PJR-0FCT-2026-08-26T12_25_51.047Z-3e9a0dd3-gemma-expert-executor-gemma-reporter/docs/ja/specdojo/templates/xep-common-conventions-template.md
+++ /workspaces/specdojo-workspace/worktrees/prj-0001-trial-PJR-0FCT-2026-08-26T12_25_51.047Z-3e9a0dd3-gemma-expert-executor-gemma-reporter/docs/ja/specdojo/templates/xep-common-conventions-template.md
@@ -27,9 +27,9 @@
 | ------------------------------------------------------------------ | ------------------------------------------------------------------------ |
 | `*.md`                                                             | `npx prettier --write <対象ファイル>`、`npx markdownlint <対象ファイル>` |
 | `*.ts` / `*.js` / `*.json` / `*.yaml` / `*.yml`                    | `npx prettier --write <対象ファイル>`                                    |
 | `src/`、`tests/`、`scripts/`、`tools/`、`tsconfig*.json`           | `npm run typecheck`                                                      |
-| `src/`、`tests/`、`docs/ja/specdojo/templates/`、`vitest.config.*` | pipeline executor は `npm run test:unit`、それ以外は `npm test`          |
+| `src/`、`tests/`、`docs/ja/specdojo/templates/`、`vitest.config.*` | pipeline executor は `npm run test:unit`（親検証に設定されていない場合）、それ以外は `npm test`          |
 | `docs/ja/projects/` 配下                                           | `specdojo catalog validate`                                              |
 | `dct-*.yaml`                                                       | `specdojo catalog build`                                                 |
 | `pjr-index.md`                                                     | `specdojo register build`                                                |
 | `sch-*.yaml`                                                       | `specdojo exec refresh`                                                  |

[0m
[0m$ [0mnpx prettier --write docs/ja/specdojo/templates/xep-common-conventions-template.md && npx markdownlint docs/ja/specdojo/templates/xep-common-conventions-template.md
docs/ja/specdojo/templates/xep-common-conventions-template.md 40ms
[0m