I need to carefully check the runner validations per the pipeline instructions.

Let me examine the validation evidence:
- `test-integration` (source="runner") → status "passed"
- `validate-schema` (source="runner") → status "passed"
- `test-unit` (source="runner") → status "passed"

All three runner validations are `passed` (none failed or not_run from the runner). The executor-side entries with `not_run` are explicitly noted as "親runner実行対象" (deferred to parent runner), which is the expected delegation and not a failure. The executor succeeded with exit_code 0, prettier/markdownlint/index build/git diff --check all passed, and final_message confirms creation of the Onboarding CDFD.

The previous failure was a malformed JSON (non-JSON appended after position 1646). I must return exactly one JSON value, no fences.
{
  "schema_version": 1,
  "mode": "edit",
  "outcome": "complete",
  "summary": [
    "cdfd-overview の P-01（SpecDojo 導入・Kata 配置・稼働構成初期化）を根拠に、概念データフロー図（Onboarding）を `docs/ja/product/010-business-specs/010-data-flow/cdfd-onboarding.md` に新規作成した。",
    "executor は対象ファイルを 1 件変更（`files_changed: 1`）し、exit_code 0 で成功。旧領域別 CDFD は退避扱いのため参照せず、データストア名は cdfd-overview 「データストア」と一致させた。",
    "親 runner による固定検証 `test-integration`・`validate-schema`・`test-unit` はいずれも status `passed`。executor 側の `not_run` 3 件（`test:integration` / `validate:schema` / `test:unit`）は「親runner実行対象」として想定された委譲であり、失敗・未実施ではない。",
    "実行者の実行済み検証として `npx prettier --write`、`npx markdownlint`、`specdojo index build`、`git diff --check` がすべて passed している。",
    "result ファイルは executor が意図的に未記入のままにしており、今回の JSON レスポンスで記録を成立させる。プレースホルダの残存は本タスク完了条件を満たさないが、これは result 未記入ではなく編集成果物側の論点ではない。"
  ],
  "changed_files": [
    {
      "path": "docs/ja/product/010-business-specs/010-data-flow/cdfd-onboarding.md",
      "summary": "Onboarding グループ（P-01）の領域内プロセス・起点イベント・例外・復旧・データストアの読み書きを新規定義。Kata 配置と稼働構成初期化をプロセス単位で記述し、後続 Plan へのグループ外委譲も示した。"
    }
  ],
  "approach": "fully-guided の方針に従い、rulebook（`cdfd-rulebook.md`）と併用 rulebook（`cdfd-mermaid-rulebook.md`）、recipe（`cdfd-recipe.md`）を参照基準とし、`depends_on` の cdfd-overview とプロジェクトコンテキスト（prj-overview.md）のみの資料範囲で新規作成を実施した。既存成果物への加筆ではなく新規ファイルのため、`_MISSING_` の実践の型は `not-needed` 相当として扱った。記法・章構成は既存対象成果物を基準にそろえ、矛盾時は rulebook を正とした。root の判断軸となるプロジェクトレベル Why は再掲せず、BA 視点は業務価値対応・要件・受入条件充足・関係者・利用場面の明確性を軸とした。下流ロール（ARC / QE）への入力適合は、起動条件・読み書きデータストア・生成先の識別と例外的検出条件の判定を最低ラインとして成立させた。親 runner 検証 `test-integration` / `validate-schema` / `test-unit` がすべて passed のため、編集成果物は完了基準を満たすとし outcome=complete と判断した。"
}
