The target file looks quite complete. Let me load the required rulebooks and recipe, and check whether the referenced delegation targets exist.
The target file is comprehensive. Let me verify consistency: check whether the delegation-target CDFDs exist, and read the project context (pr-overview).
The target looks comprehensive. Let me carefully cross-check the delegation links against existing files, and verify the `based_on` transitive closure concern mentioned in the common conventions. Let me check the catalog entry for this deliverable.
Bash has restricted rules. Let me use the dedicated tools instead.
The target file is comprehensive and consistent. The four delegation targets in `cdfd-check.md` all exist as real files, so the `[[...|...]]` links are correct per common conventions and need no backtick conversion. Let me now run the required validations (prettier + markdownlint) since this is a `.md` file.
markdownlint returned no errors. This is a `.md` under `docs/`, so pre-commit also runs the docs-wide index build. Let me confirm the specdojo invocation method and run it.
The target is already fully consistent. The required pre-commit validations for `.md` under `docs/` are prettier (done, unchanged) and markdownlint (done, no errors). Let me run the `index build` that `docs/**` triggers at commit time, to surface any blocking issue early.
The `npx tsx` invocation form isn't in the allowlist. The catalog validation is the critical one for `docs/ja/projects/` integrity; let me try the allowed invocation forms.
The `| tail` append triggered the denial. Let me run without piping.
The `specdojo` binary isn't at that path. Let me try the bare `specdojo` form and check for an npm script wrapper.
`specdojo catalog validate` ran and finished with `OK: dct-index.yaml` — only WARN-level "based_on が見つかりません" notices for unrelated deliverables whose files haven't been created yet (expected at this stage), no ERROR. Now let me confirm the file is unchanged after my check (git diff empty) so I'm certain nothing was altered.
The `;` chaining triggered the deny. Let me run a clean plain `git diff`.
git diff confirms the target file is unchanged — it was already in a fully consistent, complete state. Let me record my analysis. Let me verify there are no stray `_TODO_`/`_ASSUMPTION_` markers and confirm the delegation links' target existence one more time via the earlier glob (cdfd-action.md, cdfd-orchestrator.md, cdfd-uc-register.md, cdfd-uc-deliverable.md all exist).

The work is a conservative refinement pass that concluded no changes were needed. My analysis per the plan's review points:

1. **プロセス領域の領域単位 I/O vs cdfd-overview グループ単位** (owner/BA 主要目標): P-08/P-09/P-10 の各節の主要入力・主要出力・データストアを合算すると、overview §3.4 の Check グループ箇条書きと過不足なく一致。
2. **表と図の ID・名称・データストアの一致性**: P-08-01〜03 / P-09-01〜03 / P-10-01〜03 がプロセス領域 §3、図 §5、個別入出力 §6 で同じ ID・名称で登場。各図にその領域の全プロセスを 1 ノードずつ配置、データストアノードと §4 表の一対一対応成立。
3. **グループ外委譲の参照先の実在**: `[[cdfd-action|...]]` は `cdfd-action.md`、他の 3 委譲先 (`cdfd-orchestrator`/`cdfd-uc-register`/`cdfd-uc-deliverable`) はファイルが存在するためバッククォートでなく wikilink が正解。
4. **rulebook 必須章網羅**: §1〜8 網羅。§7「状態遷移の参照」は状態変更プロセスなしを事実＋根拠で一文記載(rulebook に合致、recipe と矛盾する箇所だが rulebook を正とする)。

All validations pass and no edit was required. Since this is the executor stage, I do not write the result file.

<specdojo_executor_evidence>
{"final_message":"cdfd-check.md は既に整合済みで完了狙いを満たし、変更は不要。検証のみ実施。","validations":
[{"command":"npx prettier --write docs/ja/product/010-business-specs/010-data-flow/cdfd-check.md","status":"passed","summary":"changed = none (既に整形済み内容と一致)"},
{"command":"npx markdownlint docs/ja/product/010-business-specs/010-data-flow/cdfd-check.md","status":"passed","summary":"エラー 0 件"},
{"command":"specdojo catalog validate","status":"passed","summary":"dct-index.yaml を含む全 dct 検証は OK、ERROR なし（未作成成果物の based_on 不在は WARN のみ＝本タスク対象外）"}]
}
</specdojo_executor_evidence>