PJR-E8FY は完了です。`NODE_OPTIONS` を指定しない既定の状態で `npm run docs:build` が成功するようになり、実行記録はどのページのサイドバーにも出なくなりました。ただし、ビルド時間が速くなったかどうかは同じ条件で比較できていないため、判断できていません。

**変更内容**
- **実行記録の除外（案 A）:** `packages/docs-site/.vitepress/config.mts` でサイドバーを作るとき、既存の `isExecRecordPath` に当たる plan / result / events を除きました。空になった「実行プラン」「実行結果」グループも出しません。
- **一覧ページへの導線:** 既存の一覧ページ（ダッシュボードなど）には実行記録へのリンクがありませんでした。そこで `src/dashboard.ts` に手を入れ、`specdojo dashboard build` が `execution/generated/exec-records.md`（実行記録一覧）も生成するようにしました。新しい順に並べて plan / result へリンクし、ダッシュボードに新しく追加した「9. 実行記録」節から辿れます。このファイルは `.gitignore` の生成物扱いです。サイドバーでの表示名は `sidebar-config.ts` に追加しました。
- **パスごとの分割（案 B）:** `sidebar` をパスをキーにした形式に変えました。`/ja/specdojo/` 配下には specdojo の節だけ、`/ja/projects/<id>/` 配下にはその project の節だけが出ます。product などほかのディレクトリも同様で、`/ja/` のトップには各節への入口リンクだけを出します。英語版も同じ関数で分けています。
- **個票に書いていない追加変更:** `metaChunk: true` を設定しました。VitePress は既定で、サイドバー全体を含むサイト設定を全ページの HTML に埋め込みます。パスで分けても各ページに全キーが載ってしまうため、共有の JS ファイル（約 344KB）へ切り出しました。
- **テスト:** `tests/src/dashboard.test.ts` を更新し、一覧の生成に関するテストを追加しました。
- **個票:** 作業内容の表を done にし、対応結果を記入しました。frontmatter とステータス項目には触れていません。

**確認結果（ビルド出力 2,175 ページを走査）**
- サイドバーに実行記録を含むページは 0 件で、切り出した JS ファイルにも実行記録は含まれません。
- `/ja/specdojo/` 配下で project の節が出るページは 0 件、`/ja/projects/prj-0001/` 配下でその project の節が欠けるページも 0 件でした。
- 実行記録のページは引き続きビルドされ、実行記録一覧から result 555 件へリンクしています。
- `.github/workflows/deploy.yml` は変更なしでそのまま通ります。

| 項目 | 変更前（個票の記録） | 変更後 |
| --- | --- | --- |
| 既定ヒープでのビルド | メモリ不足で失敗 | 成功 |
| dist 容量 | 2.9GB | 568MB |
| `specdojo-overview-guide.html` | 1,405,099 byte | 119,895 byte |
| ビルド時間（実時間） | 193 秒（8GB ヒープ指定） | 413 秒（CPU は user 205 秒） |

変更後のビルド時間は 2 回目の計測値です。初回は Mermaid の図の再生成が入り 686 秒かかりました。変更前の 193 秒とは計測環境が違い、今回はサンドボックス内で実時間が CPU 時間を大きく上回っていました。そのため時間の増減は判断できず、同じ環境で変更前後を測り直す必要があります。個票にもその旨を書いています。

実行した検査はすべて成功しました（下記のとおり）。`npm run typecheck`・`npm run test:unit` などは親 runner が実行するため、ここでは実行していません。

<specdojo_executor_evidence>
{"final_message":"Removed exec records (plan/result/events) from the VitePress sidebar and split the sidebar by path (ja/en). /ja/specdojo/ shows only the specdojo section; /ja/projects/<id>/ shows only that project. Enabled metaChunk (not in the ticket) so the site data, including the sidebar, is no longer inlined into every page. Added an exec-records.md list page generated by `specdojo dashboard build`, linked from the dashboard, so exec records stay reachable. npm run docs:build succeeds without NODE_OPTIONS. Scan of 2,175 built pages: 0 sidebars with exec records, 0 specdojo pages with a project sidebar, 0 prj-0001 pages missing the project sidebar. Dist 2.9GB -> 568MB; specdojo-overview-guide.html 1,405,099 -> 119,895 bytes. Build time is not comparable: 413s wall (user 205s) in the sandbox vs 193s recorded before in a different environment; needs re-measurement in the same environment. Ticket work table and results updated; frontmatter and status untouched. Changed: packages/docs-site/.vitepress/config.mts, packages/docs-site/.vitepress/sidebar-config.ts, src/dashboard.ts, tests/src/dashboard.test.ts, docs/ja/projects/prj-0001/controls/project-register/pjr-e8fy-docs-build-sidebar-scope.md","validations":[{"command":"npm run docs:build","status":"passed","summary":"Succeeded without NODE_OPTIONS (run twice: 686s with Mermaid regeneration, then 413s wall / 205s user); 2,175 pages, dist 568MB"},{"command":"node -e (dist sidebar scan script)","status":"passed","summary":"Sidebars with exec links 0; specdojo pages with project sidebar 0; prj-0001 pages missing project sidebar 0; metadata chunk has no exec links; exec-records links 555 results"},{"command":"npx prettier --write packages/docs-site/.vitepress/config.mts packages/docs-site/.vitepress/sidebar-config.ts src/dashboard.ts tests/src/dashboard.test.ts docs/ja/projects/prj-0001/controls/project-register/pjr-e8fy-docs-build-sidebar-scope.md","status":"passed","summary":"Formatted"},{"command":"npx markdownlint docs/ja/projects/prj-0001/controls/project-register/pjr-e8fy-docs-build-sidebar-scope.md","status":"passed","summary":"No errors"},{"command":"npm run -s lint:md","status":"passed","summary":"No errors"},{"command":"npx eslint src/dashboard.ts tests/src/dashboard.test.ts","status":"passed","summary":"0 errors (docs-site files are outside the eslint config)"},{"command":"npx tsc -p packages/docs-site/.vitepress/tsconfig.json --noEmit","status":"passed","summary":"docs-site config typecheck has no errors"},{"command":"npx tsx src/specdojo.ts catalog validate","status":"passed","summary":"OK (only unrelated pre-existing based_on warnings)"},{"command":"npx tsx src/specdojo.ts index build","status":"passed","summary":"Built index: 2050 entries"}]}
</specdojo_executor_evidence>