
> specdojo@0.3.0 build
> node -e "require('node:fs').rmSync('dist', { recursive: true, force: true })" && tsc -p tsconfig.build.json && node -e "require('node:fs').chmodSync('dist/specdojo.js', 0o755)"

run_id=JBR-grade-kata-19d22fa1c5f5 project=prj-0001 target=kata kind=all changed_only=true ungraded=true incomplete=true rubric_outdated=true max_stage_failures=3 stages=1 documents=15 exhausted=0 work_dir=logs/grade/runs/per-document/JBR-grade-kata-19d22fa1c5f5
stage=1 executor=agy-expert-executor reporter=gemma-reporter reference=none
document start: docs/ja/specdojo/rulebooks/atc-index-rulebook.md
document incomplete: docs/ja/specdojo/rulebooks/atc-index-rulebook.md failed_stage=1
document start: docs/ja/specdojo/rulebooks/atc-rulebook.md
document incomplete: docs/ja/specdojo/rulebooks/atc-rulebook.md failed_stage=1
document start: docs/ja/specdojo/rulebooks/bac-rulebook.md
document incomplete: docs/ja/specdojo/rulebooks/bac-rulebook.md failed_stage=1
document start: docs/ja/specdojo/rulebooks/bds-rulebook.md
document incomplete: docs/ja/specdojo/rulebooks/bds-rulebook.md failed_stage=1
document start: docs/ja/specdojo/rulebooks/ccd-mermaid-rulebook.md
document incomplete: docs/ja/specdojo/rulebooks/ccd-mermaid-rulebook.md failed_stage=1
document start: docs/ja/specdojo/rulebooks/cdsd-rulebook.md
document incomplete: docs/ja/specdojo/rulebooks/cdsd-rulebook.md failed_stage=1
document start: docs/ja/specdojo/rulebooks/cld-rulebook.md
document incomplete: docs/ja/specdojo/rulebooks/cld-rulebook.md failed_stage=1
document start: docs/ja/specdojo/rulebooks/cnd-mermaid-rulebook.md
document incomplete: docs/ja/specdojo/rulebooks/cnd-mermaid-rulebook.md failed_stage=1
document start: docs/ja/specdojo/rulebooks/cnd-rulebook.md
document incomplete: docs/ja/specdojo/rulebooks/cnd-rulebook.md failed_stage=1
document start: docs/ja/specdojo/rulebooks/cxd-rulebook.md
document incomplete: docs/ja/specdojo/rulebooks/cxd-rulebook.md failed_stage=1
document start: docs/ja/specdojo/rulebooks/dct-index-rulebook.md
document incomplete: docs/ja/specdojo/rulebooks/dct-index-rulebook.md failed_stage=1
document start: docs/ja/specdojo/rulebooks/dct-rulebook.md
document incomplete: docs/ja/specdojo/rulebooks/dct-rulebook.md failed_stage=1
document start: docs/ja/specdojo/rulebooks/dec-rulebook.md
document incomplete: docs/ja/specdojo/rulebooks/dec-rulebook.md failed_stage=1
document start: docs/ja/specdojo/rulebooks/dmd-index-rulebook.md
document incomplete: docs/ja/specdojo/rulebooks/dmd-index-rulebook.md failed_stage=1
document start: docs/ja/specdojo/rulebooks/dmd-rulebook.md
document incomplete: docs/ja/specdojo/rulebooks/dmd-rulebook.md failed_stage=1
grade pipeline complete: selected=15 processed=15 completed_now=0 incomplete=15 exhausted=0 results=logs/grade/runs/per-document/JBR-grade-kata-19d22fa1c5f5/results.tsv
